warning: usage of an `unsafe` block
  --> log/src/lib.rs:93:3
   |
93 | /         unsafe {
94 | |             std::env::set_var("RECIPE_LOG", &p);
95 | |         }
   | |_________^
   |
   = note: requested on the command line with `-W unsafe-code`

warning: `log` (lib) generated 1 warning
   Compiling gpu-core v0.1.0 (/home/nate/Desktop/nates-recipe-rs/gpu-core)
   Compiling recipe v0.1.1 (/home/nate/Desktop/nates-recipe-rs)
warning: ignoring -C extra-filename flag due to -o flag

error[E0433]: cannot find module or crate `anyhow` in this scope
  --> gpu-core/src/sys.rs:41:2
   |
41 |     anyhow::ensure!(
   |     ^^^^^^ use of unresolved module or unlinked crate `anyhow`

error[E0433]: cannot find module or crate `anyhow` in this scope
  --> gpu-core/src/sys.rs:36:41
   |
36 | pub fn disk_total_bytes(path: &Path) -> anyhow::Result<u64> {
   |                                         ^^^^^^ use of unresolved module or unlinked crate `anyhow`
   |
   = help: if you wanted to use a crate named `anyhow`, use `cargo add anyhow` to add it to your `Cargo.toml`

For more information about this error, try `rustc --explain E0433`.
warning: `gpu-core` (lib) generated 1 warning
error: could not compile `gpu-core` (lib) due to 2 previous errors; 1 warning emitted
