warning: usage of an `unsafe` block
  --> log/src/lib.rs:93:3
   |
93 | /         unsafe {
94 | |             std::env::set_var("RECIPE_LOG", &p);
95 | |         }
   | |_________^
   |
   = note: requested on the command line with `-W unsafe-code`

warning: `log` (lib) generated 1 warning
   Compiling gpu-core v0.1.0 (/home/nate/Desktop/nates-recipe-rs/gpu-core)
warning: ignoring -C extra-filename flag due to -o flag

error[E0428]: the name `mem_info` is defined multiple times
   --> gpu-core/src/hip.rs:210:1
    |
186 | pub fn mem_info() -> Result<MemInfo, HipError> {
    | ---------------------------------------------- previous definition of the value `mem_info` here
...
210 | pub fn mem_info() -> Result<(usize, usize), HipError> {
    | ^^^^^^^^^^^^^^^^^^^^^^^^^^^^^^^^^^^^^^^^^^^^^^^^^^^^^ `mem_info` redefined here
    |
    = note: `mem_info` must be defined only once in the value namespace of this module

error[E0433]: cannot find module or crate `anyhow` in this scope
  --> gpu-core/src/sys.rs:41:2
   |
41 |     anyhow::ensure!(
   |     ^^^^^^ use of unresolved module or unlinked crate `anyhow`

error[E0433]: cannot find module or crate `anyhow` in this scope
  --> gpu-core/src/sys.rs:36:41
   |
36 | pub fn disk_total_bytes(path: &Path) -> anyhow::Result<u64> {
   |                                         ^^^^^^ use of unresolved module or unlinked crate `anyhow`
   |
   = help: if you wanted to use a crate named `anyhow`, use `cargo add anyhow` to add it to your `Cargo.toml`

Some errors have detailed explanations: E0428, E0433.
For more information about an error, try `rustc --explain E0428`.
warning: `gpu-core` (lib) generated 1 warning
error: could not compile `gpu-core` (lib) due to 3 previous errors; 1 warning emitted
