[36mstress[0m  semicolon  examples/datasets/uci-bank-semicolon/bank-full.csv  17 cols × 45211 rows
[36mstress[0m  tab        examples/datasets/uci-seeds/seeds_dataset.txt  8 cols × 210 rows
[36mstress[0m  comma      examples/datasets/uci-wine/wine.data  14 cols × 178 rows
Waiting for pid 1807230 vram reclaim
-- run pre-fit --
device/settings
	hipMemGetInfo	2
loss [38;2;242;40;60m 0.7451[0m  acc [38;2;39;125;255m0.5528[0m
loss [38;2;242;40;60m 0.7444[0m  acc [38;2;39;125;255m0.5542[0m
loss [38;2;242;40;60m 0.7437[0m  acc [38;2;39;125;255m0.5559[0m
loss [38;2;242;40;60m 0.7430[0m  acc [38;2;39;125;255m0.5571[0m
loss [38;2;242;40;60m 0.7424[0m  acc [38;2;39;125;255m0.5585[0m
loss [38;2;242;40;60m 0.7417[0m  acc [38;2;39;125;255m0.5599[0m
loss [38;2;242;40;60m 0.7410[0m  acc [38;2;39;125;255m0.5614[0m
loss [38;2;242;40;60m 0.7404[0m  acc [38;2;39;125;255m0.5632[0m
loss [38;2;242;40;60m 0.7397[0m  acc [38;2;39;125;255m0.5649[0m
loss [38;2;242;40;60m 0.7391[0m  acc [38;2;39;125;255m0.5663[0m
loss [38;2;242;40;60m 0.7384[0m  acc [38;2;39;125;255m0.5681[0m
loss [38;2;242;40;60m 0.7377[0m  acc [38;2;39;125;255m0.5699[0m
loss [38;2;242;40;60m 0.7371[0m  acc [38;2;39;125;255m0.5716[0m
loss [38;2;242;40;60m 0.7364[0m  acc [38;2;39;125;255m0.5729[0m
loss [38;2;242;40;60m 0.7358[0m  acc [38;2;39;125;255m0.5744[0m
loss [38;2;242;40;60m 0.7352[0m  acc [38;2;39;125;255m0.5760[0m
loss [38;2;242;40;60m 0.7345[0m  acc [38;2;39;125;255m0.5775[0m
loss [38;2;242;40;60m 0.7339[0m  acc [38;2;39;125;255m0.5791[0m
loss [38;2;242;40;60m 0.7332[0m  acc [38;2;39;125;255m0.5809[0m
loss [38;2;242;40;60m 0.7326[0m  acc [38;2;39;125;255m0.5821[0m
-- hip init --
sync
	allocations	2
	frees	1
async
	transfers	1
	memsets	1
syncs
	hipDeviceSynchronize	1
streams
	hipStreamCreate	1
-- hip loop --
async
	transfers	40
	memsets	21
kernel launch
	hipLaunchKernelGGL	703
reporting
	hipGetLastError	703
syncs
	hipStreamSynchronize	20
other
	hipBLAS	102
-- hip exit --
async
	transfers	1
syncs
	hipDeviceSynchronize	1
streams
	hipStreamDestroy	1
-- ledger init -- H2D calls 1  D2H calls 0
-- ledger loop -- H2D calls 0  D2H calls 40
-- ledger exit -- H2D calls 0  D2H calls 1
-- run post-fit --

init
	calcs
		in-place
			0x
		alloc
			2x
	transfers
		async
			0x
		sync
			1x
loop
	calcs
		in-place
			703x
		alloc
			0x
	transfers
		async
			40x
		sync
			20x
exit
	calcs
		in-place
			0x
		alloc
			0x
	transfers
		async
			0x
		sync
			1x
hipBLAS (no spec cell)  init 0x  loop 102x  exit 0x
free (no spec cell)  init 1x  loop 0x  exit 0x
eval  r2 [38;2;242;40;60m -1.4481[0m
[36mstress[0m  ok
STRESS_EXIT=0
